// Jest Snapshot v1, https://goo.gl/fbAQLP

exports[`Testing Card component with Enzyme 1`] = `
<Fragment>
  <div
    className="tc bg-light-blue dib br3 pa3 ma2 grow bw2 shadow-5"
  >
    <img
      alt="robot"
      src="https://robohash.org/undefined?size=200x200"
    />
    <div>
      <h2 />
      <p />
    </div>
  </div>
</Fragment>
`;
