// Jest Snapshot v1, https://goo.gl/fbAQLP

exports[`Expect to render CounterButton component 1`] = `
<button
  color="red"
  onClick={[Function]}
>
   
  Count: 
  0
</button>
`;
