// Jest Snapshot v1, https://goo.gl/fbAQLP

exports[`Renders Header without crashing 1`] = `undefined`;
