// Jest Snapshot v1, https://goo.gl/fbAQLP

exports[`Testing SearchBox component with Enzyme 1`] = `
<div
  style={
    Object {
      "border": "2px solid white",
      "height": "70vh",
      "overflowY": "scroll",
    }
  }
/>
`;
