// Jest Snapshot v1, https://goo.gl/fbAQLP

exports[`Testing Card component with Enzyme 1`] = `""`;
